###############################################################################
#
# IAR ELF Linker V8.20.2.14835/W32 for ARM                18/Sep/2021  16:48:36
# Copyright 2007-2017 IAR Systems AB.
#
#    Output file  =  
#        C:\Users\ghass\OneDrive\Bureau\stm32\CODE\GitHub\Mini_Boat-\STM32Cube_FW_L0_V1.12.0\Projects\NUCLEO-L053R8\Examples\GPIO\GPIO_EXTI\EWARM\STM32L053R8_NUCLEO\Exe\Project.out
#    Map file     =  
#        C:\Users\ghass\OneDrive\Bureau\stm32\CODE\GitHub\Mini_Boat-\STM32Cube_FW_L0_V1.12.0\Projects\NUCLEO-L053R8\Examples\GPIO\GPIO_EXTI\EWARM\STM32L053R8_NUCLEO\List\Project.map
#    Command line =  
#        -f C:\Users\ghass\AppData\Local\Temp\EW24EF.tmp
#        (C:\Users\ghass\OneDrive\Bureau\stm32\CODE\GitHub\Mini_Boat-\STM32Cube_FW_L0_V1.12.0\Projects\NUCLEO-L053R8\Examples\GPIO\GPIO_EXTI\EWARM\STM32L053R8_NUCLEO\Obj\main.o
#        C:\Users\ghass\OneDrive\Bureau\stm32\CODE\GitHub\Mini_Boat-\STM32Cube_FW_L0_V1.12.0\Projects\NUCLEO-L053R8\Examples\GPIO\GPIO_EXTI\EWARM\STM32L053R8_NUCLEO\Obj\startup_stm32l053xx.o
#        C:\Users\ghass\OneDrive\Bureau\stm32\CODE\GitHub\Mini_Boat-\STM32Cube_FW_L0_V1.12.0\Projects\NUCLEO-L053R8\Examples\GPIO\GPIO_EXTI\EWARM\STM32L053R8_NUCLEO\Obj\stm32l0xx_hal.o
#        C:\Users\ghass\OneDrive\Bureau\stm32\CODE\GitHub\Mini_Boat-\STM32Cube_FW_L0_V1.12.0\Projects\NUCLEO-L053R8\Examples\GPIO\GPIO_EXTI\EWARM\STM32L053R8_NUCLEO\Obj\stm32l0xx_hal_adc.o
#        C:\Users\ghass\OneDrive\Bureau\stm32\CODE\GitHub\Mini_Boat-\STM32Cube_FW_L0_V1.12.0\Projects\NUCLEO-L053R8\Examples\GPIO\GPIO_EXTI\EWARM\STM32L053R8_NUCLEO\Obj\stm32l0xx_hal_adc_ex.o
#        C:\Users\ghass\OneDrive\Bureau\stm32\CODE\GitHub\Mini_Boat-\STM32Cube_FW_L0_V1.12.0\Projects\NUCLEO-L053R8\Examples\GPIO\GPIO_EXTI\EWARM\STM32L053R8_NUCLEO\Obj\stm32l0xx_hal_cortex.o
#        C:\Users\ghass\OneDrive\Bureau\stm32\CODE\GitHub\Mini_Boat-\STM32Cube_FW_L0_V1.12.0\Projects\NUCLEO-L053R8\Examples\GPIO\GPIO_EXTI\EWARM\STM32L053R8_NUCLEO\Obj\stm32l0xx_hal_dma.o
#        C:\Users\ghass\OneDrive\Bureau\stm32\CODE\GitHub\Mini_Boat-\STM32Cube_FW_L0_V1.12.0\Projects\NUCLEO-L053R8\Examples\GPIO\GPIO_EXTI\EWARM\STM32L053R8_NUCLEO\Obj\stm32l0xx_hal_flash.o
#        C:\Users\ghass\OneDrive\Bureau\stm32\CODE\GitHub\Mini_Boat-\STM32Cube_FW_L0_V1.12.0\Projects\NUCLEO-L053R8\Examples\GPIO\GPIO_EXTI\EWARM\STM32L053R8_NUCLEO\Obj\stm32l0xx_hal_flash_ex.o
#        C:\Users\ghass\OneDrive\Bureau\stm32\CODE\GitHub\Mini_Boat-\STM32Cube_FW_L0_V1.12.0\Projects\NUCLEO-L053R8\Examples\GPIO\GPIO_EXTI\EWARM\STM32L053R8_NUCLEO\Obj\stm32l0xx_hal_gpio.o
#        C:\Users\ghass\OneDrive\Bureau\stm32\CODE\GitHub\Mini_Boat-\STM32Cube_FW_L0_V1.12.0\Projects\NUCLEO-L053R8\Examples\GPIO\GPIO_EXTI\EWARM\STM32L053R8_NUCLEO\Obj\stm32l0xx_hal_pwr.o
#        C:\Users\ghass\OneDrive\Bureau\stm32\CODE\GitHub\Mini_Boat-\STM32Cube_FW_L0_V1.12.0\Projects\NUCLEO-L053R8\Examples\GPIO\GPIO_EXTI\EWARM\STM32L053R8_NUCLEO\Obj\stm32l0xx_hal_pwr_ex.o
#        C:\Users\ghass\OneDrive\Bureau\stm32\CODE\GitHub\Mini_Boat-\STM32Cube_FW_L0_V1.12.0\Projects\NUCLEO-L053R8\Examples\GPIO\GPIO_EXTI\EWARM\STM32L053R8_NUCLEO\Obj\stm32l0xx_hal_rcc.o
#        C:\Users\ghass\OneDrive\Bureau\stm32\CODE\GitHub\Mini_Boat-\STM32Cube_FW_L0_V1.12.0\Projects\NUCLEO-L053R8\Examples\GPIO\GPIO_EXTI\EWARM\STM32L053R8_NUCLEO\Obj\stm32l0xx_hal_rcc_ex.o
#        C:\Users\ghass\OneDrive\Bureau\stm32\CODE\GitHub\Mini_Boat-\STM32Cube_FW_L0_V1.12.0\Projects\NUCLEO-L053R8\Examples\GPIO\GPIO_EXTI\EWARM\STM32L053R8_NUCLEO\Obj\stm32l0xx_hal_spi.o
#        C:\Users\ghass\OneDrive\Bureau\stm32\CODE\GitHub\Mini_Boat-\STM32Cube_FW_L0_V1.12.0\Projects\NUCLEO-L053R8\Examples\GPIO\GPIO_EXTI\EWARM\STM32L053R8_NUCLEO\Obj\stm32l0xx_it.o
#        C:\Users\ghass\OneDrive\Bureau\stm32\CODE\GitHub\Mini_Boat-\STM32Cube_FW_L0_V1.12.0\Projects\NUCLEO-L053R8\Examples\GPIO\GPIO_EXTI\EWARM\STM32L053R8_NUCLEO\Obj\stm32l0xx_nucleo.o
#        C:\Users\ghass\OneDrive\Bureau\stm32\CODE\GitHub\Mini_Boat-\STM32Cube_FW_L0_V1.12.0\Projects\NUCLEO-L053R8\Examples\GPIO\GPIO_EXTI\EWARM\STM32L053R8_NUCLEO\Obj\system_stm32l0xx.o
#        --redirect _Printf=_PrintfSmall --redirect _Scanf=_ScanfSmall -o
#        C:\Users\ghass\OneDrive\Bureau\stm32\CODE\GitHub\Mini_Boat-\STM32Cube_FW_L0_V1.12.0\Projects\NUCLEO-L053R8\Examples\GPIO\GPIO_EXTI\EWARM\STM32L053R8_NUCLEO\Exe\Project.out
#        --map
#        C:\Users\ghass\OneDrive\Bureau\stm32\CODE\GitHub\Mini_Boat-\STM32Cube_FW_L0_V1.12.0\Projects\NUCLEO-L053R8\Examples\GPIO\GPIO_EXTI\EWARM\STM32L053R8_NUCLEO\List\Project.map
#        --config
#        C:\Users\ghass\OneDrive\Bureau\stm32\CODE\GitHub\Mini_Boat-\STM32Cube_FW_L0_V1.12.0\Projects\NUCLEO-L053R8\Examples\GPIO\GPIO_EXTI\EWARM\stm32l053xx_flash.icf
#        --semihosting --entry __iar_program_start --vfe --text_out locale)
#
###############################################################################

*******************************************************************************
*** RUNTIME MODEL ATTRIBUTES
***

CppFlavor       = *
__SystemLibrary = DLib
__dlib_version  = 6


*******************************************************************************
*** HEAP SELECTION
***

The basic heap was selected because no calls to memory allocation
functions were found in the application outside of system library
functions, and there are calls to deallocation functions in the
application.


*******************************************************************************
*** PLACEMENT SUMMARY
***

"A0":  place at 0x08000000 { ro section .intvec };
"P1":  place in [from 0x08000000 to 0x0800ffff] { ro };
define block CSTACK with size = 1K, alignment = 8 { };
define block HEAP with size = 512, alignment = 8 { };
"P2":  place in [from 0x20000000 to 0x20001fff] {
          rw, block CSTACK, block HEAP };
initialize by copy { rw };

  Section            Kind        Address   Size  Object
  -------            ----        -------   ----  ------
"A0":                                      0xc0
  .intvec            ro code  0x08000000   0xc0  startup_stm32l053xx.o [1]
                            - 0x080000c0   0xc0

"P1":                                     0xe14
  .text              ro code  0x080000c0  0x764  stm32l0xx_hal_rcc.o [1]
  .text              ro code  0x08000824   0x44  stm32l0xx_hal.o [1]
  .text              ro code  0x08000868    0xc  stm32l0xx_hal.o [1]
  .text              ro code  0x08000874   0x32  I64Mul.o [4]
  .text              ro code  0x080008a6   0x6a  I64DivMod.o [4]
  .text              ro code  0x08000910   0x36  I32DivMod.o [4]
  .text              ro code  0x08000946    0x2  startup_stm32l053xx.o [1]
  .text              ro code  0x08000948   0x8c  stm32l0xx_hal_cortex.o [1]
  .text              ro code  0x080009d4    0x2  I64DivZer.o [4]
  .text              ro code  0x080009d6    0x2  startup_stm32l053xx.o [1]
  .text              ro code  0x080009d8    0x2  IntDivZer.o [4]
  .text              ro code  0x080009da    0x2  startup_stm32l053xx.o [1]
  .text              ro code  0x080009dc  0x1f4  stm32l0xx_hal_gpio.o [1]
  .text              ro code  0x08000bd0   0xb4  main.o [1]
  .text              ro code  0x08000c84   0x2a  stm32l0xx_hal.o [1]
  .text              ro code  0x08000cae    0x2  startup_stm32l053xx.o [1]
  .text              ro code  0x08000cb0   0x74  stm32l0xx_nucleo.o [1]
  .text              ro code  0x08000d24   0x74  system_stm32l0xx.o [1]
  .text              ro code  0x08000d98   0x30  copy_init3.o [4]
  .text              ro code  0x08000dc8   0x28  data_init.o [4]
  .iar.init_table    const    0x08000df0   0x14  - Linker created -
  .text              ro code  0x08000e04   0x1e  cmain.o [4]
  .text              ro code  0x08000e22    0x4  low_level_init.o [3]
  .text              ro code  0x08000e26    0x8  exit.o [3]
  .text              ro code  0x08000e2e    0x2  startup_stm32l053xx.o [1]
  .text              ro code  0x08000e30    0xa  cexit.o [4]
  .text              ro code  0x08000e3a    0x2  startup_stm32l053xx.o [1]
  .text              ro code  0x08000e3c   0x14  exit.o [5]
  .text              ro code  0x08000e50   0x1c  stm32l0xx_it.o [1]
  .text              ro code  0x08000e6c   0x10  stm32l0xx_hal.o [1]
  Initializer bytes  const    0x08000e7c   0x14  <for P2-1>
  .text              ro code  0x08000e90   0x10  startup_stm32l053xx.o [1]
  .text              ro code  0x08000ea0    0xc  cstartup_M.o [4]
  .text              ro code  0x08000eac    0x2  startup_stm32l053xx.o [1]
  .text              ro code  0x08000eae    0x2  startup_stm32l053xx.o [1]
  .text              ro code  0x08000eb0    0x2  startup_stm32l053xx.o [1]
  .text              ro code  0x08000eb2    0x2  startup_stm32l053xx.o [1]
  .text              ro code  0x08000eb4    0x2  startup_stm32l053xx.o [1]
  .text              ro code  0x08000eb6    0x2  startup_stm32l053xx.o [1]
  .text              ro code  0x08000eb8    0x2  startup_stm32l053xx.o [1]
  .text              ro code  0x08000eba    0x2  startup_stm32l053xx.o [1]
  .text              ro code  0x08000ebc    0x2  startup_stm32l053xx.o [1]
  .text              ro code  0x08000ebe    0x2  startup_stm32l053xx.o [1]
  .text              ro code  0x08000ec0    0x2  startup_stm32l053xx.o [1]
  .text              ro code  0x08000ec2    0x2  startup_stm32l053xx.o [1]
  .text              ro code  0x08000ec4    0x2  startup_stm32l053xx.o [1]
  .text              ro code  0x08000ec6    0x2  startup_stm32l053xx.o [1]
  .text              ro code  0x08000ec8    0x2  startup_stm32l053xx.o [1]
  .text              ro code  0x08000eca    0x2  startup_stm32l053xx.o [1]
  .text              ro code  0x08000ecc    0x2  startup_stm32l053xx.o [1]
  .text              ro code  0x08000ece    0x2  startup_stm32l053xx.o [1]
  .text              ro code  0x08000ed0    0x2  startup_stm32l053xx.o [1]
  .text              ro code  0x08000ed2    0x2  startup_stm32l053xx.o [1]
  .rodata            const    0x08000ed4    0x0  copy_init3.o [4]
                            - 0x08000ed4  0xe14

"P2", part 1 of 2:                         0x14
  P2-1                        0x20000000   0x14  <Init block>
    .data            inited   0x20000000    0xc  stm32l0xx_hal.o [1]
    .data            inited   0x2000000c    0x4  stm32l0xx_nucleo.o [1]
    .data            inited   0x20000010    0x4  system_stm32l0xx.o [1]
                            - 0x20000014   0x14

"P2", part 2 of 2:                        0x400
  CSTACK                      0x20000018  0x400  <Block>
    CSTACK           uninit   0x20000018  0x400  <Block tail>
                            - 0x20000418  0x400


*******************************************************************************
*** INIT TABLE
***

          Address     Size
          -------     ----
Copy (__iar_copy_init3)
    1 source range, total size 0x14:
          0x08000e7c  0x14
    1 destination range, total size 0x14:
          0x20000000  0x14



*******************************************************************************
*** MODULE SUMMARY
***

    Module                  ro code  ro data  rw data
    ------                  -------  -------  -------
C:\Users\ghass\OneDrive\Bureau\stm32\CODE\GitHub\Mini_Boat-\STM32Cube_FW_L0_V1.12.0\Projects\NUCLEO-L053R8\Examples\GPIO\GPIO_EXTI\EWARM\STM32L053R8_NUCLEO\Obj: [1]
    main.o                      180
    startup_stm32l053xx.o       260
    stm32l0xx_hal.o             138       12       12
    stm32l0xx_hal_cortex.o      140
    stm32l0xx_hal_gpio.o        500
    stm32l0xx_hal_rcc.o       1 892
    stm32l0xx_it.o               28
    stm32l0xx_nucleo.o          116        4        4
    system_stm32l0xx.o          116        4        4
    -------------------------------------------------
    Total:                    3 370       20       20

command line: [2]
    -------------------------------------------------
    Total:

dl6M_tln.a: [3]
    exit.o                        8
    low_level_init.o              4
    -------------------------------------------------
    Total:                       12

rt6M_tl.a: [4]
    I32DivMod.o                  54
    I64DivMod.o                 106
    I64DivZer.o                   2
    I64Mul.o                     50
    IntDivZer.o                   2
    cexit.o                      10
    cmain.o                      30
    copy_init3.o                 48
    cstartup_M.o                 12
    data_init.o                  40
    -------------------------------------------------
    Total:                      354

shb_l.a: [5]
    exit.o                       20
    -------------------------------------------------
    Total:                       20

    Linker created                        20    1 024
-----------------------------------------------------
    Grand Total:              3 756       40    1 044


*******************************************************************************
*** ENTRY LIST
***

Entry                      Address   Size  Type      Object
-----                      -------   ----  ----      ------
.iar.init_table$$Base   0x08000df0          --   Gb  - Linker created -
.iar.init_table$$Limit  0x08000e04          --   Gb  - Linker created -
?main                   0x08000e05         Code  Gb  cmain.o [4]
AHBPrescTable           0x08000d7c   0x10  Data  Gb  system_stm32l0xx.o [1]
BSP_LED_Init            0x08000cb1   0x4a  Code  Gb  stm32l0xx_nucleo.o [1]
BSP_LED_Toggle          0x08000cfd   0x16  Code  Gb  stm32l0xx_nucleo.o [1]
CSTACK$$Base            0x20000018          --   Gb  - Linker created -
CSTACK$$Limit           0x20000418          --   Gb  - Linker created -
EXTI4_15_IRQHandler     0x08000e61    0xc  Code  Gb  stm32l0xx_it.o [1]
HAL_GPIO_EXTI_Callback  0x08000c71   0x14  Code  Gb  main.o [1]
HAL_GPIO_EXTI_IRQHandler
                        0x08000b9d   0x14  Code  Gb  stm32l0xx_hal_gpio.o [1]
HAL_GPIO_Init           0x080009dd  0x19a  Code  Gb  stm32l0xx_hal_gpio.o [1]
HAL_GPIO_TogglePin      0x08000b8d   0x10  Code  Gb  stm32l0xx_hal_gpio.o [1]
HAL_GPIO_WritePin       0x08000b7d   0x10  Code  Gb  stm32l0xx_hal_gpio.o [1]
HAL_GetTick             0x08000869    0xc  Code  Wk  stm32l0xx_hal.o [1]
HAL_IncTick             0x08000e6d   0x10  Code  Wk  stm32l0xx_hal.o [1]
HAL_Init                0x08000c85   0x24  Code  Gb  stm32l0xx_hal.o [1]
HAL_InitTick            0x08000825   0x44  Code  Wk  stm32l0xx_hal.o [1]
HAL_NVIC_EnableIRQ      0x0800098b   0x12  Code  Gb  stm32l0xx_hal_cortex.o [1]
HAL_NVIC_SetPriority    0x08000983    0x8  Code  Gb  stm32l0xx_hal_cortex.o [1]
HAL_RCC_ClockConfig     0x080005bd  0x1b0  Code  Gb  stm32l0xx_hal_rcc.o [1]
HAL_RCC_GetSysClockFreq
                        0x0800077d   0x72  Code  Gb  stm32l0xx_hal_rcc.o [1]
HAL_RCC_OscConfig       0x080000c1  0x4ec  Code  Gb  stm32l0xx_hal_rcc.o [1]
HAL_SYSTICK_Config      0x0800099d   0x28  Code  Gb  stm32l0xx_hal_cortex.o [1]
HardFault_Handler       0x08000e53    0x2  Code  Gb  stm32l0xx_it.o [1]
LED_PIN                 0x08000d14    0x2  Data  Gb  stm32l0xx_nucleo.o [1]
LED_PORT                0x2000000c    0x4  Data  Gb  stm32l0xx_nucleo.o [1]
NMI_Handler             0x08000e51    0x2  Code  Gb  stm32l0xx_it.o [1]
NVIC_SetPriority        0x08000949   0x3a  Code  Lc  stm32l0xx_hal_cortex.o [1]
PLLMulTable             0x08000d8c    0xc  Data  Gb  system_stm32l0xx.o [1]
PendSV_Handler          0x08000e57    0x2  Code  Gb  stm32l0xx_it.o [1]
Region$$Table$$Base     0x08000df0          --   Gb  - Linker created -
Region$$Table$$Limit    0x08000e04          --   Gb  - Linker created -
SVC_Handler             0x08000e55    0x2  Code  Gb  stm32l0xx_it.o [1]
SysTick_Handler         0x08000e59    0x8  Code  Gb  stm32l0xx_it.o [1]
SystemCoreClock         0x20000010    0x4  Data  Gb  system_stm32l0xx.o [1]
SystemInit              0x08000d25   0x40  Code  Gb  system_stm32l0xx.o [1]
__aeabi_idiv0           0x080009d9         Code  Gb  IntDivZer.o [4]
__aeabi_ldiv0           0x080009d5         Code  Gb  I64DivZer.o [4]
__aeabi_lmul            0x08000875         Code  Gb  I64Mul.o [4]
__aeabi_uldivmod        0x080008a7         Code  Gb  I64DivMod.o [4]
__cmain                 0x08000e05         Code  Gb  cmain.o [4]
__exit                  0x08000e3d   0x14  Code  Gb  exit.o [5]
__iar_copy_init3        0x08000d99   0x30  Code  Gb  copy_init3.o [4]
__iar_data_init3        0x08000dc9   0x28  Code  Gb  data_init.o [4]
__iar_program_start     0x08000ea1         Code  Gb  cstartup_M.o [4]
__iar_small_uidiv       0x08000911         Code  Gb  I32DivMod.o [4]
__iar_small_uidivmod    0x08000911         Code  Gb  I32DivMod.o [4]
__iar_systems$$module {Abs}
                        0x00000001         Data  Gb  command line/config [2]
__low_level_init        0x08000e23    0x4  Code  Gb  low_level_init.o [3]
__vector_table          0x08000000         Data  Gb  startup_stm32l053xx.o [1]
_call_main              0x08000e11         Code  Gb  cmain.o [4]
_exit                   0x08000e31         Code  Gb  cexit.o [4]
_main                   0x08000e1f         Code  Gb  cmain.o [4]
exit                    0x08000e27    0x8  Code  Gb  exit.o [3]
main                    0x08000bd1   0x8e  Code  Gb  main.o [1]
uwTick                  0x20000004    0x4  Data  Gb  stm32l0xx_hal.o [1]
uwTickFreq              0x20000000    0x1  Data  Gb  stm32l0xx_hal.o [1]
uwTickPrio              0x20000008    0x4  Data  Gb  stm32l0xx_hal.o [1]


[1] = C:\Users\ghass\OneDrive\Bureau\stm32\CODE\GitHub\Mini_Boat-\STM32Cube_FW_L0_V1.12.0\Projects\NUCLEO-L053R8\Examples\GPIO\GPIO_EXTI\EWARM\STM32L053R8_NUCLEO\Obj
[2] = command line
[3] = dl6M_tln.a
[4] = rt6M_tl.a
[5] = shb_l.a

  3 756 bytes of readonly  code memory
     40 bytes of readonly  data memory
  1 044 bytes of readwrite data memory

Errors: none
Warnings: none
